---
source: crates/tuiscotti-fixtures/tests/journey.rs
description: "tuisnap generation f98cebfba11dfbb227910600536dc406d7259b7662ed4d888cac1eb144ae5390 render tuisnap-default/rv1/straight-rgba at crates/tuiscotti-fixtures/tests/journey.rs:129"
expression: screenshot png
extension: png
snapshot_kind: binary
---
