---
source: src/assert.rs
description: "tuisnap generation e2b7fa7474491a63585baa3adeca5be1c0631e7702e5522f50eeb2e10330ff63 at tests/journey.rs:92"
expression: canonical
---
tuisnap screen snapshot v1
geometry cols=48 rows=12 ox=0 oy=0
cursor x=0 y=0 visible=false style=block blinking=false
cell 0,0 sym="S" w=1 cont=false fg=default bg=default mods=-
cell 1,0 sym="e" w=1 cont=false fg=default bg=default mods=-
cell 2,0 sym="t" w=1 cont=false fg=default bg=default mods=-
cell 3,0 sym="t" w=1 cont=false fg=default bg=default mods=-
cell 4,0 sym="i" w=1 cont=false fg=default bg=default mods=-
cell 5,0 sym="n" w=1 cont=false fg=default bg=default mods=-
cell 6,0 sym="g" w=1 cont=false fg=default bg=default mods=-
cell 7,0 sym="s" w=1 cont=false fg=default bg=default mods=-
cell 8,0 sym=" " w=1 cont=false fg=default bg=default mods=-
cell 9,0 sym="(" w=1 cont=false fg=default bg=default mods=-
cell 10,0 sym="s" w=1 cont=false fg=default bg=default mods=-
cell 11,0 sym="p" w=1 cont=false fg=default bg=default mods=-
cell 12,0 sym="a" w=1 cont=false fg=default bg=default mods=-
cell 13,0 sym="c" w=1 cont=false fg=default bg=default mods=-
cell 14,0 sym="e" w=1 cont=false fg=default bg=default mods=-
cell 15,0 sym=" " w=1 cont=false fg=default bg=default mods=-
cell 16,0 sym="t" w=1 cont=false fg=default bg=default mods=-
cell 17,0 sym="o" w=1 cont=false fg=default bg=default mods=-
cell 18,0 sym="g" w=1 cont=false fg=default bg=default mods=-
cell 19,0 sym="g" w=1 cont=false fg=default bg=default mods=-
cell 20,0 sym="l" w=1 cont=false fg=default bg=default mods=-
cell 21,0 sym="e" w=1 cont=false fg=default bg=default mods=-
cell 22,0 sym="s" w=1 cont=false fg=default bg=default mods=-
cell 23,0 sym="," w=1 cont=false fg=default bg=default mods=-
cell 24,0 sym=" " w=1 cont=false fg=default bg=default mods=-
cell 25,0 sym="q" w=1 cont=false fg=default bg=default mods=-
cell 26,0 sym=" " w=1 cont=false fg=default bg=default mods=-
cell 27,0 sym="q" w=1 cont=false fg=default bg=default mods=-
cell 28,0 sym="u" w=1 cont=false fg=default bg=default mods=-
cell 29,0 sym="i" w=1 cont=false fg=default bg=default mods=-
cell 30,0 sym="t" w=1 cont=false fg=default bg=default mods=-
cell 31,0 sym="s" w=1 cont=false fg=default bg=default mods=-
cell 32,0 sym=")" w=1 cont=false fg=default bg=default mods=-
cell 33,0 sym=" " w=1 cont=false fg=default bg=default mods=-
cell 34,0 sym=" " w=1 cont=false fg=default bg=default mods=-
cell 35,0 sym=" " w=1 cont=false fg=default bg=default mods=-
cell 36,0 sym=" " w=1 cont=false fg=default bg=default mods=-
cell 37,0 sym=" " w=1 cont=false fg=default bg=default mods=-
cell 38,0 sym=" " w=1 cont=false fg=default bg=default mods=-
cell 39,0 sym=" " w=1 cont=false fg=default bg=default mods=-
cell 40,0 sym=" " w=1 cont=false fg=default bg=default mods=-
cell 41,0 sym=" " w=1 cont=false fg=default bg=default mods=-
cell 42,0 sym=" " w=1 cont=false fg=default bg=default mods=-
cell 43,0 sym=" " w=1 cont=false fg=default bg=default mods=-
cell 44,0 sym=" " w=1 cont=false fg=default bg=default mods=-
cell 45,0 sym=" " w=1 cont=false fg=default bg=default mods=-
cell 46,0 sym=" " w=1 cont=false fg=default bg=default mods=-
cell 47,0 sym=" " w=1 cont=false fg=default bg=default mods=-
cell 0,1 sym=" " w=1 cont=false fg=default bg=default mods=-
cell 1,1 sym=" " w=1 cont=false fg=default bg=default mods=-
cell 2,1 sym=" " w=1 cont=false fg=default bg=default mods=-
cell 3,1 sym=" " w=1 cont=false fg=default bg=default mods=-
cell 4,1 sym=" " w=1 cont=false fg=default bg=default mods=-
cell 5,1 sym=" " w=1 cont=false fg=default bg=default mods=-
cell 6,1 sym=" " w=1 cont=false fg=default bg=default mods=-
cell 7,1 sym=" " w=1 cont=false fg=default bg=default mods=-
cell 8,1 sym=" " w=1 cont=false fg=default bg=default mods=-
cell 9,1 sym=" " w=1 cont=false fg=default bg=default mods=-
cell 10,1 sym=" " w=1 cont=false fg=default bg=default mods=-
cell 11,1 sym=" " w=1 cont=false fg=default bg=default mods=-
cell 12,1 sym=" " w=1 cont=false fg=default bg=default mods=-
cell 13,1 sym=" " w=1 cont=false fg=default bg=default mods=-
cell 14,1 sym=" " w=1 cont=false fg=default bg=default mods=-
cell 15,1 sym=" " w=1 cont=false fg=default bg=default mods=-
cell 16,1 sym=" " w=1 cont=false fg=default bg=default mods=-
cell 17,1 sym=" " w=1 cont=false fg=default bg=default mods=-
cell 18,1 sym=" " w=1 cont=false fg=default bg=default mods=-
cell 19,1 sym=" " w=1 cont=false fg=default bg=default mods=-
cell 20,1 sym=" " w=1 cont=false fg=default bg=default mods=-
cell 21,1 sym=" " w=1 cont=false fg=default bg=default mods=-
cell 22,1 sym=" " w=1 cont=false fg=default bg=default mods=-
cell 23,1 sym=" " w=1 cont=false fg=default bg=default mods=-
cell 24,1 sym=" " w=1 cont=false fg=default bg=default mods=-
cell 25,1 sym=" " w=1 cont=false fg=default bg=default mods=-
cell 26,1 sym=" " w=1 cont=false fg=default bg=default mods=-
cell 27,1 sym=" " w=1 cont=false fg=default bg=default mods=-
cell 28,1 sym=" " w=1 cont=false fg=default bg=default mods=-
cell 29,1 sym=" " w=1 cont=false fg=default bg=default mods=-
cell 30,1 sym=" " w=1 cont=false fg=default bg=default mods=-
cell 31,1 sym=" " w=1 cont=false fg=default bg=default mods=-
cell 32,1 sym=" " w=1 cont=false fg=default bg=default mods=-
cell 33,1 sym=" " w=1 cont=false fg=default bg=default mods=-
cell 34,1 sym=" " w=1 cont=false fg=default bg=default mods=-
cell 35,1 sym=" " w=1 cont=false fg=default bg=default mods=-
cell 36,1 sym=" " w=1 cont=false fg=default bg=default mods=-
cell 37,1 sym=" " w=1 cont=false fg=default bg=default mods=-
cell 38,1 sym=" " w=1 cont=false fg=default bg=default mods=-
cell 39,1 sym=" " w=1 cont=false fg=default bg=default mods=-
cell 40,1 sym=" " w=1 cont=false fg=default bg=default mods=-
cell 41,1 sym=" " w=1 cont=false fg=default bg=default mods=-
cell 42,1 sym=" " w=1 cont=false fg=default bg=default mods=-
cell 43,1 sym=" " w=1 cont=false fg=default bg=default mods=-
cell 44,1 sym=" " w=1 cont=false fg=default bg=default mods=-
cell 45,1 sym=" " w=1 cont=false fg=default bg=default mods=-
cell 46,1 sym=" " w=1 cont=false fg=default bg=default mods=-
cell 47,1 sym=" " w=1 cont=false fg=default bg=default mods=-
cell 0,2 sym=">" w=1 cont=false fg=default bg=default mods=reverse
cell 1,2 sym=" " w=1 cont=false fg=default bg=default mods=reverse
cell 2,2 sym="[" w=1 cont=false fg=default bg=default mods=reverse
cell 3,2 sym=" " w=1 cont=false fg=default bg=default mods=reverse
cell 4,2 sym="]" w=1 cont=false fg=default bg=default mods=reverse
cell 5,2 sym=" " w=1 cont=false fg=default bg=default mods=reverse
cell 6,2 sym="a" w=1 cont=false fg=default bg=default mods=reverse
cell 7,2 sym="u" w=1 cont=false fg=default bg=default mods=reverse
cell 8,2 sym="t" w=1 cont=false fg=default bg=default mods=reverse
cell 9,2 sym="o" w=1 cont=false fg=default bg=default mods=reverse
cell 10,2 sym="s" w=1 cont=false fg=default bg=default mods=reverse
cell 11,2 sym="a" w=1 cont=false fg=default bg=default mods=reverse
cell 12,2 sym="v" w=1 cont=false fg=default bg=default mods=reverse
cell 13,2 sym="e" w=1 cont=false fg=default bg=default mods=reverse
cell 14,2 sym=" " w=1 cont=false fg=default bg=default mods=-
cell 15,2 sym=" " w=1 cont=false fg=default bg=default mods=-
cell 16,2 sym=" " w=1 cont=false fg=default bg=default mods=-
cell 17,2 sym=" " w=1 cont=false fg=default bg=default mods=-
cell 18,2 sym=" " w=1 cont=false fg=default bg=default mods=-
cell 19,2 sym=" " w=1 cont=false fg=default bg=default mods=-
cell 20,2 sym=" " w=1 cont=false fg=default bg=default mods=-
cell 21,2 sym=" " w=1 cont=false fg=default bg=default mods=-
cell 22,2 sym=" " w=1 cont=false fg=default bg=default mods=-
cell 23,2 sym=" " w=1 cont=false fg=default bg=default mods=-
cell 24,2 sym=" " w=1 cont=false fg=default bg=default mods=-
cell 25,2 sym=" " w=1 cont=false fg=default bg=default mods=-
cell 26,2 sym=" " w=1 cont=false fg=default bg=default mods=-
cell 27,2 sym=" " w=1 cont=false fg=default bg=default mods=-
cell 28,2 sym=" " w=1 cont=false fg=default bg=default mods=-
cell 29,2 sym=" " w=1 cont=false fg=default bg=default mods=-
cell 30,2 sym=" " w=1 cont=false fg=default bg=default mods=-
cell 31,2 sym=" " w=1 cont=false fg=default bg=default mods=-
cell 32,2 sym=" " w=1 cont=false fg=default bg=default mods=-
cell 33,2 sym=" " w=1 cont=false fg=default bg=default mods=-
cell 34,2 sym=" " w=1 cont=false fg=default bg=default mods=-
cell 35,2 sym=" " w=1 cont=false fg=default bg=default mods=-
cell 36,2 sym=" " w=1 cont=false fg=default bg=default mods=-
cell 37,2 sym=" " w=1 cont=false fg=default bg=default mods=-
cell 38,2 sym=" " w=1 cont=false fg=default bg=default mods=-
cell 39,2 sym=" " w=1 cont=false fg=default bg=default mods=-
cell 40,2 sym=" " w=1 cont=false fg=default bg=default mods=-
cell 41,2 sym=" " w=1 cont=false fg=default bg=default mods=-
cell 42,2 sym=" " w=1 cont=false fg=default bg=default mods=-
cell 43,2 sym=" " w=1 cont=false fg=default bg=default mods=-
cell 44,2 sym=" " w=1 cont=false fg=default bg=default mods=-
cell 45,2 sym=" " w=1 cont=false fg=default bg=default mods=-
cell 46,2 sym=" " w=1 cont=false fg=default bg=default mods=-
cell 47,2 sym=" " w=1 cont=false fg=default bg=default mods=-
cell 0,3 sym=" " w=1 cont=false fg=default bg=default mods=-
cell 1,3 sym=" " w=1 cont=false fg=default bg=default mods=-
cell 2,3 sym="[" w=1 cont=false fg=default bg=default mods=-
cell 3,3 sym=" " w=1 cont=false fg=default bg=default mods=-
cell 4,3 sym="]" w=1 cont=false fg=default bg=default mods=-
cell 5,3 sym=" " w=1 cont=false fg=default bg=default mods=-
cell 6,3 sym="l" w=1 cont=false fg=default bg=default mods=-
cell 7,3 sym="i" w=1 cont=false fg=default bg=default mods=-
cell 8,3 sym="n" w=1 cont=false fg=default bg=default mods=-
cell 9,3 sym="e" w=1 cont=false fg=default bg=default mods=-
cell 10,3 sym="_" w=1 cont=false fg=default bg=default mods=-
cell 11,3 sym="n" w=1 cont=false fg=default bg=default mods=-
cell 12,3 sym="u" w=1 cont=false fg=default bg=default mods=-
cell 13,3 sym="m" w=1 cont=false fg=default bg=default mods=-
cell 14,3 sym="b" w=1 cont=false fg=default bg=default mods=-
cell 15,3 sym="e" w=1 cont=false fg=default bg=default mods=-
cell 16,3 sym="r" w=1 cont=false fg=default bg=default mods=-
cell 17,3 sym="s" w=1 cont=false fg=default bg=default mods=-
cell 18,3 sym=" " w=1 cont=false fg=default bg=default mods=-
cell 19,3 sym=" " w=1 cont=false fg=default bg=default mods=-
cell 20,3 sym=" " w=1 cont=false fg=default bg=default mods=-
cell 21,3 sym=" " w=1 cont=false fg=default bg=default mods=-
cell 22,3 sym=" " w=1 cont=false fg=default bg=default mods=-
cell 23,3 sym=" " w=1 cont=false fg=default bg=default mods=-
cell 24,3 sym=" " w=1 cont=false fg=default bg=default mods=-
cell 25,3 sym=" " w=1 cont=false fg=default bg=default mods=-
cell 26,3 sym=" " w=1 cont=false fg=default bg=default mods=-
cell 27,3 sym=" " w=1 cont=false fg=default bg=default mods=-
cell 28,3 sym=" " w=1 cont=false fg=default bg=default mods=-
cell 29,3 sym=" " w=1 cont=false fg=default bg=default mods=-
cell 30,3 sym=" " w=1 cont=false fg=default bg=default mods=-
cell 31,3 sym=" " w=1 cont=false fg=default bg=default mods=-
cell 32,3 sym=" " w=1 cont=false fg=default bg=default mods=-
cell 33,3 sym=" " w=1 cont=false fg=default bg=default mods=-
cell 34,3 sym=" " w=1 cont=false fg=default bg=default mods=-
cell 35,3 sym=" " w=1 cont=false fg=default bg=default mods=-
cell 36,3 sym=" " w=1 cont=false fg=default bg=default mods=-
cell 37,3 sym=" " w=1 cont=false fg=default bg=default mods=-
cell 38,3 sym=" " w=1 cont=false fg=default bg=default mods=-
cell 39,3 sym=" " w=1 cont=false fg=default bg=default mods=-
cell 40,3 sym=" " w=1 cont=false fg=default bg=default mods=-
cell 41,3 sym=" " w=1 cont=false fg=default bg=default mods=-
cell 42,3 sym=" " w=1 cont=false fg=default bg=default mods=-
cell 43,3 sym=" " w=1 cont=false fg=default bg=default mods=-
cell 44,3 sym=" " w=1 cont=false fg=default bg=default mods=-
cell 45,3 sym=" " w=1 cont=false fg=default bg=default mods=-
cell 46,3 sym=" " w=1 cont=false fg=default bg=default mods=-
cell 47,3 sym=" " w=1 cont=false fg=default bg=default mods=-
cell 0,4 sym=" " w=1 cont=false fg=default bg=default mods=-
cell 1,4 sym=" " w=1 cont=false fg=default bg=default mods=-
cell 2,4 sym="[" w=1 cont=false fg=default bg=default mods=-
cell 3,4 sym=" " w=1 cont=false fg=default bg=default mods=-
cell 4,4 sym="]" w=1 cont=false fg=default bg=default mods=-
cell 5,4 sym=" " w=1 cont=false fg=default bg=default mods=-
cell 6,4 sym="w" w=1 cont=false fg=default bg=default mods=-
cell 7,4 sym="o" w=1 cont=false fg=default bg=default mods=-
cell 8,4 sym="r" w=1 cont=false fg=default bg=default mods=-
cell 9,4 sym="d" w=1 cont=false fg=default bg=default mods=-
cell 10,4 sym="_" w=1 cont=false fg=default bg=default mods=-
cell 11,4 sym="w" w=1 cont=false fg=default bg=default mods=-
cell 12,4 sym="r" w=1 cont=false fg=default bg=default mods=-
cell 13,4 sym="a" w=1 cont=false fg=default bg=default mods=-
cell 14,4 sym="p" w=1 cont=false fg=default bg=default mods=-
cell 15,4 sym=" " w=1 cont=false fg=default bg=default mods=-
cell 16,4 sym=" " w=1 cont=false fg=default bg=default mods=-
cell 17,4 sym=" " w=1 cont=false fg=default bg=default mods=-
cell 18,4 sym=" " w=1 cont=false fg=default bg=default mods=-
cell 19,4 sym=" " w=1 cont=false fg=default bg=default mods=-
cell 20,4 sym=" " w=1 cont=false fg=default bg=default mods=-
cell 21,4 sym=" " w=1 cont=false fg=default bg=default mods=-
cell 22,4 sym=" " w=1 cont=false fg=default bg=default mods=-
cell 23,4 sym=" " w=1 cont=false fg=default bg=default mods=-
cell 24,4 sym=" " w=1 cont=false fg=default bg=default mods=-
cell 25,4 sym=" " w=1 cont=false fg=default bg=default mods=-
cell 26,4 sym=" " w=1 cont=false fg=default bg=default mods=-
cell 27,4 sym=" " w=1 cont=false fg=default bg=default mods=-
cell 28,4 sym=" " w=1 cont=false fg=default bg=default mods=-
cell 29,4 sym=" " w=1 cont=false fg=default bg=default mods=-
cell 30,4 sym=" " w=1 cont=false fg=default bg=default mods=-
cell 31,4 sym=" " w=1 cont=false fg=default bg=default mods=-
cell 32,4 sym=" " w=1 cont=false fg=default bg=default mods=-
cell 33,4 sym=" " w=1 cont=false fg=default bg=default mods=-
cell 34,4 sym=" " w=1 cont=false fg=default bg=default mods=-
cell 35,4 sym=" " w=1 cont=false fg=default bg=default mods=-
cell 36,4 sym=" " w=1 cont=false fg=default bg=default mods=-
cell 37,4 sym=" " w=1 cont=false fg=default bg=default mods=-
cell 38,4 sym=" " w=1 cont=false fg=default bg=default mods=-
cell 39,4 sym=" " w=1 cont=false fg=default bg=default mods=-
cell 40,4 sym=" " w=1 cont=false fg=default bg=default mods=-
cell 41,4 sym=" " w=1 cont=false fg=default bg=default mods=-
cell 42,4 sym=" " w=1 cont=false fg=default bg=default mods=-
cell 43,4 sym=" " w=1 cont=false fg=default bg=default mods=-
cell 44,4 sym=" " w=1 cont=false fg=default bg=default mods=-
cell 45,4 sym=" " w=1 cont=false fg=default bg=default mods=-
cell 46,4 sym=" " w=1 cont=false fg=default bg=default mods=-
cell 47,4 sym=" " w=1 cont=false fg=default bg=default mods=-
cell 0,5 sym=" " w=1 cont=false fg=default bg=default mods=-
cell 1,5 sym=" " w=1 cont=false fg=default bg=default mods=-
cell 2,5 sym=" " w=1 cont=false fg=default bg=default mods=-
cell 3,5 sym=" " w=1 cont=false fg=default bg=default mods=-
cell 4,5 sym=" " w=1 cont=false fg=default bg=default mods=-
cell 5,5 sym=" " w=1 cont=false fg=default bg=default mods=-
cell 6,5 sym=" " w=1 cont=false fg=default bg=default mods=-
cell 7,5 sym=" " w=1 cont=false fg=default bg=default mods=-
cell 8,5 sym=" " w=1 cont=false fg=default bg=default mods=-
cell 9,5 sym=" " w=1 cont=false fg=default bg=default mods=-
cell 10,5 sym=" " w=1 cont=false fg=default bg=default mods=-
cell 11,5 sym=" " w=1 cont=false fg=default bg=default mods=-
cell 12,5 sym=" " w=1 cont=false fg=default bg=default mods=-
cell 13,5 sym=" " w=1 cont=false fg=default bg=default mods=-
cell 14,5 sym=" " w=1 cont=false fg=default bg=default mods=-
cell 15,5 sym=" " w=1 cont=false fg=default bg=default mods=-
cell 16,5 sym=" " w=1 cont=false fg=default bg=default mods=-
cell 17,5 sym=" " w=1 cont=false fg=default bg=default mods=-
cell 18,5 sym=" " w=1 cont=false fg=default bg=default mods=-
cell 19,5 sym=" " w=1 cont=false fg=default bg=default mods=-
cell 20,5 sym=" " w=1 cont=false fg=default bg=default mods=-
cell 21,5 sym=" " w=1 cont=false fg=default bg=default mods=-
cell 22,5 sym=" " w=1 cont=false fg=default bg=default mods=-
cell 23,5 sym=" " w=1 cont=false fg=default bg=default mods=-
cell 24,5 sym=" " w=1 cont=false fg=default bg=default mods=-
cell 25,5 sym=" " w=1 cont=false fg=default bg=default mods=-
cell 26,5 sym=" " w=1 cont=false fg=default bg=default mods=-
cell 27,5 sym=" " w=1 cont=false fg=default bg=default mods=-
cell 28,5 sym=" " w=1 cont=false fg=default bg=default mods=-
cell 29,5 sym=" " w=1 cont=false fg=default bg=default mods=-
cell 30,5 sym=" " w=1 cont=false fg=default bg=default mods=-
cell 31,5 sym=" " w=1 cont=false fg=default bg=default mods=-
cell 32,5 sym=" " w=1 cont=false fg=default bg=default mods=-
cell 33,5 sym=" " w=1 cont=false fg=default bg=default mods=-
cell 34,5 sym=" " w=1 cont=false fg=default bg=default mods=-
cell 35,5 sym=" " w=1 cont=false fg=default bg=default mods=-
cell 36,5 sym=" " w=1 cont=false fg=default bg=default mods=-
cell 37,5 sym=" " w=1 cont=false fg=default bg=default mods=-
cell 38,5 sym=" " w=1 cont=false fg=default bg=default mods=-
cell 39,5 sym=" " w=1 cont=false fg=default bg=default mods=-
cell 40,5 sym=" " w=1 cont=false fg=default bg=default mods=-
cell 41,5 sym=" " w=1 cont=false fg=default bg=default mods=-
cell 42,5 sym=" " w=1 cont=false fg=default bg=default mods=-
cell 43,5 sym=" " w=1 cont=false fg=default bg=default mods=-
cell 44,5 sym=" " w=1 cont=false fg=default bg=default mods=-
cell 45,5 sym=" " w=1 cont=false fg=default bg=default mods=-
cell 46,5 sym=" " w=1 cont=false fg=default bg=default mods=-
cell 47,5 sym=" " w=1 cont=false fg=default bg=default mods=-
cell 0,6 sym=" " w=1 cont=false fg=default bg=default mods=-
cell 1,6 sym=" " w=1 cont=false fg=default bg=default mods=-
cell 2,6 sym=" " w=1 cont=false fg=default bg=default mods=-
cell 3,6 sym=" " w=1 cont=false fg=default bg=default mods=-
cell 4,6 sym=" " w=1 cont=false fg=default bg=default mods=-
cell 5,6 sym=" " w=1 cont=false fg=default bg=default mods=-
cell 6,6 sym=" " w=1 cont=false fg=default bg=default mods=-
cell 7,6 sym=" " w=1 cont=false fg=default bg=default mods=-
cell 8,6 sym=" " w=1 cont=false fg=default bg=default mods=-
cell 9,6 sym=" " w=1 cont=false fg=default bg=default mods=-
cell 10,6 sym=" " w=1 cont=false fg=default bg=default mods=-
cell 11,6 sym=" " w=1 cont=false fg=default bg=default mods=-
cell 12,6 sym=" " w=1 cont=false fg=default bg=default mods=-
cell 13,6 sym=" " w=1 cont=false fg=default bg=default mods=-
cell 14,6 sym=" " w=1 cont=false fg=default bg=default mods=-
cell 15,6 sym=" " w=1 cont=false fg=default bg=default mods=-
cell 16,6 sym=" " w=1 cont=false fg=default bg=default mods=-
cell 17,6 sym=" " w=1 cont=false fg=default bg=default mods=-
cell 18,6 sym=" " w=1 cont=false fg=default bg=default mods=-
cell 19,6 sym=" " w=1 cont=false fg=default bg=default mods=-
cell 20,6 sym=" " w=1 cont=false fg=default bg=default mods=-
cell 21,6 sym=" " w=1 cont=false fg=default bg=default mods=-
cell 22,6 sym=" " w=1 cont=false fg=default bg=default mods=-
cell 23,6 sym=" " w=1 cont=false fg=default bg=default mods=-
cell 24,6 sym=" " w=1 cont=false fg=default bg=default mods=-
cell 25,6 sym=" " w=1 cont=false fg=default bg=default mods=-
cell 26,6 sym=" " w=1 cont=false fg=default bg=default mods=-
cell 27,6 sym=" " w=1 cont=false fg=default bg=default mods=-
cell 28,6 sym=" " w=1 cont=false fg=default bg=default mods=-
cell 29,6 sym=" " w=1 cont=false fg=default bg=default mods=-
cell 30,6 sym=" " w=1 cont=false fg=default bg=default mods=-
cell 31,6 sym=" " w=1 cont=false fg=default bg=default mods=-
cell 32,6 sym=" " w=1 cont=false fg=default bg=default mods=-
cell 33,6 sym=" " w=1 cont=false fg=default bg=default mods=-
cell 34,6 sym=" " w=1 cont=false fg=default bg=default mods=-
cell 35,6 sym=" " w=1 cont=false fg=default bg=default mods=-
cell 36,6 sym=" " w=1 cont=false fg=default bg=default mods=-
cell 37,6 sym=" " w=1 cont=false fg=default bg=default mods=-
cell 38,6 sym=" " w=1 cont=false fg=default bg=default mods=-
cell 39,6 sym=" " w=1 cont=false fg=default bg=default mods=-
cell 40,6 sym=" " w=1 cont=false fg=default bg=default mods=-
cell 41,6 sym=" " w=1 cont=false fg=default bg=default mods=-
cell 42,6 sym=" " w=1 cont=false fg=default bg=default mods=-
cell 43,6 sym=" " w=1 cont=false fg=default bg=default mods=-
cell 44,6 sym=" " w=1 cont=false fg=default bg=default mods=-
cell 45,6 sym=" " w=1 cont=false fg=default bg=default mods=-
cell 46,6 sym=" " w=1 cont=false fg=default bg=default mods=-
cell 47,6 sym=" " w=1 cont=false fg=default bg=default mods=-
cell 0,7 sym=" " w=1 cont=false fg=default bg=default mods=-
cell 1,7 sym=" " w=1 cont=false fg=default bg=default mods=-
cell 2,7 sym=" " w=1 cont=false fg=default bg=default mods=-
cell 3,7 sym=" " w=1 cont=false fg=default bg=default mods=-
cell 4,7 sym=" " w=1 cont=false fg=default bg=default mods=-
cell 5,7 sym=" " w=1 cont=false fg=default bg=default mods=-
cell 6,7 sym=" " w=1 cont=false fg=default bg=default mods=-
cell 7,7 sym=" " w=1 cont=false fg=default bg=default mods=-
cell 8,7 sym=" " w=1 cont=false fg=default bg=default mods=-
cell 9,7 sym=" " w=1 cont=false fg=default bg=default mods=-
cell 10,7 sym=" " w=1 cont=false fg=default bg=default mods=-
cell 11,7 sym=" " w=1 cont=false fg=default bg=default mods=-
cell 12,7 sym=" " w=1 cont=false fg=default bg=default mods=-
cell 13,7 sym=" " w=1 cont=false fg=default bg=default mods=-
cell 14,7 sym=" " w=1 cont=false fg=default bg=default mods=-
cell 15,7 sym=" " w=1 cont=false fg=default bg=default mods=-
cell 16,7 sym=" " w=1 cont=false fg=default bg=default mods=-
cell 17,7 sym=" " w=1 cont=false fg=default bg=default mods=-
cell 18,7 sym=" " w=1 cont=false fg=default bg=default mods=-
cell 19,7 sym=" " w=1 cont=false fg=default bg=default mods=-
cell 20,7 sym=" " w=1 cont=false fg=default bg=default mods=-
cell 21,7 sym=" " w=1 cont=false fg=default bg=default mods=-
cell 22,7 sym=" " w=1 cont=false fg=default bg=default mods=-
cell 23,7 sym=" " w=1 cont=false fg=default bg=default mods=-
cell 24,7 sym=" " w=1 cont=false fg=default bg=default mods=-
cell 25,7 sym=" " w=1 cont=false fg=default bg=default mods=-
cell 26,7 sym=" " w=1 cont=false fg=default bg=default mods=-
cell 27,7 sym=" " w=1 cont=false fg=default bg=default mods=-
cell 28,7 sym=" " w=1 cont=false fg=default bg=default mods=-
cell 29,7 sym=" " w=1 cont=false fg=default bg=default mods=-
cell 30,7 sym=" " w=1 cont=false fg=default bg=default mods=-
cell 31,7 sym=" " w=1 cont=false fg=default bg=default mods=-
cell 32,7 sym=" " w=1 cont=false fg=default bg=default mods=-
cell 33,7 sym=" " w=1 cont=false fg=default bg=default mods=-
cell 34,7 sym=" " w=1 cont=false fg=default bg=default mods=-
cell 35,7 sym=" " w=1 cont=false fg=default bg=default mods=-
cell 36,7 sym=" " w=1 cont=false fg=default bg=default mods=-
cell 37,7 sym=" " w=1 cont=false fg=default bg=default mods=-
cell 38,7 sym=" " w=1 cont=false fg=default bg=default mods=-
cell 39,7 sym=" " w=1 cont=false fg=default bg=default mods=-
cell 40,7 sym=" " w=1 cont=false fg=default bg=default mods=-
cell 41,7 sym=" " w=1 cont=false fg=default bg=default mods=-
cell 42,7 sym=" " w=1 cont=false fg=default bg=default mods=-
cell 43,7 sym=" " w=1 cont=false fg=default bg=default mods=-
cell 44,7 sym=" " w=1 cont=false fg=default bg=default mods=-
cell 45,7 sym=" " w=1 cont=false fg=default bg=default mods=-
cell 46,7 sym=" " w=1 cont=false fg=default bg=default mods=-
cell 47,7 sym=" " w=1 cont=false fg=default bg=default mods=-
cell 0,8 sym=" " w=1 cont=false fg=default bg=default mods=-
cell 1,8 sym=" " w=1 cont=false fg=default bg=default mods=-
cell 2,8 sym=" " w=1 cont=false fg=default bg=default mods=-
cell 3,8 sym=" " w=1 cont=false fg=default bg=default mods=-
cell 4,8 sym=" " w=1 cont=false fg=default bg=default mods=-
cell 5,8 sym=" " w=1 cont=false fg=default bg=default mods=-
cell 6,8 sym=" " w=1 cont=false fg=default bg=default mods=-
cell 7,8 sym=" " w=1 cont=false fg=default bg=default mods=-
cell 8,8 sym=" " w=1 cont=false fg=default bg=default mods=-
cell 9,8 sym=" " w=1 cont=false fg=default bg=default mods=-
cell 10,8 sym=" " w=1 cont=false fg=default bg=default mods=-
cell 11,8 sym=" " w=1 cont=false fg=default bg=default mods=-
cell 12,8 sym=" " w=1 cont=false fg=default bg=default mods=-
cell 13,8 sym=" " w=1 cont=false fg=default bg=default mods=-
cell 14,8 sym=" " w=1 cont=false fg=default bg=default mods=-
cell 15,8 sym=" " w=1 cont=false fg=default bg=default mods=-
cell 16,8 sym=" " w=1 cont=false fg=default bg=default mods=-
cell 17,8 sym=" " w=1 cont=false fg=default bg=default mods=-
cell 18,8 sym=" " w=1 cont=false fg=default bg=default mods=-
cell 19,8 sym=" " w=1 cont=false fg=default bg=default mods=-
cell 20,8 sym=" " w=1 cont=false fg=default bg=default mods=-
cell 21,8 sym=" " w=1 cont=false fg=default bg=default mods=-
cell 22,8 sym=" " w=1 cont=false fg=default bg=default mods=-
cell 23,8 sym=" " w=1 cont=false fg=default bg=default mods=-
cell 24,8 sym=" " w=1 cont=false fg=default bg=default mods=-
cell 25,8 sym=" " w=1 cont=false fg=default bg=default mods=-
cell 26,8 sym=" " w=1 cont=false fg=default bg=default mods=-
cell 27,8 sym=" " w=1 cont=false fg=default bg=default mods=-
cell 28,8 sym=" " w=1 cont=false fg=default bg=default mods=-
cell 29,8 sym=" " w=1 cont=false fg=default bg=default mods=-
cell 30,8 sym=" " w=1 cont=false fg=default bg=default mods=-
cell 31,8 sym=" " w=1 cont=false fg=default bg=default mods=-
cell 32,8 sym=" " w=1 cont=false fg=default bg=default mods=-
cell 33,8 sym=" " w=1 cont=false fg=default bg=default mods=-
cell 34,8 sym=" " w=1 cont=false fg=default bg=default mods=-
cell 35,8 sym=" " w=1 cont=false fg=default bg=default mods=-
cell 36,8 sym=" " w=1 cont=false fg=default bg=default mods=-
cell 37,8 sym=" " w=1 cont=false fg=default bg=default mods=-
cell 38,8 sym=" " w=1 cont=false fg=default bg=default mods=-
cell 39,8 sym=" " w=1 cont=false fg=default bg=default mods=-
cell 40,8 sym=" " w=1 cont=false fg=default bg=default mods=-
cell 41,8 sym=" " w=1 cont=false fg=default bg=default mods=-
cell 42,8 sym=" " w=1 cont=false fg=default bg=default mods=-
cell 43,8 sym=" " w=1 cont=false fg=default bg=default mods=-
cell 44,8 sym=" " w=1 cont=false fg=default bg=default mods=-
cell 45,8 sym=" " w=1 cont=false fg=default bg=default mods=-
cell 46,8 sym=" " w=1 cont=false fg=default bg=default mods=-
cell 47,8 sym=" " w=1 cont=false fg=default bg=default mods=-
cell 0,9 sym=" " w=1 cont=false fg=default bg=default mods=-
cell 1,9 sym=" " w=1 cont=false fg=default bg=default mods=-
cell 2,9 sym=" " w=1 cont=false fg=default bg=default mods=-
cell 3,9 sym=" " w=1 cont=false fg=default bg=default mods=-
cell 4,9 sym=" " w=1 cont=false fg=default bg=default mods=-
cell 5,9 sym=" " w=1 cont=false fg=default bg=default mods=-
cell 6,9 sym=" " w=1 cont=false fg=default bg=default mods=-
cell 7,9 sym=" " w=1 cont=false fg=default bg=default mods=-
cell 8,9 sym=" " w=1 cont=false fg=default bg=default mods=-
cell 9,9 sym=" " w=1 cont=false fg=default bg=default mods=-
cell 10,9 sym=" " w=1 cont=false fg=default bg=default mods=-
cell 11,9 sym=" " w=1 cont=false fg=default bg=default mods=-
cell 12,9 sym=" " w=1 cont=false fg=default bg=default mods=-
cell 13,9 sym=" " w=1 cont=false fg=default bg=default mods=-
cell 14,9 sym=" " w=1 cont=false fg=default bg=default mods=-
cell 15,9 sym=" " w=1 cont=false fg=default bg=default mods=-
cell 16,9 sym=" " w=1 cont=false fg=default bg=default mods=-
cell 17,9 sym=" " w=1 cont=false fg=default bg=default mods=-
cell 18,9 sym=" " w=1 cont=false fg=default bg=default mods=-
cell 19,9 sym=" " w=1 cont=false fg=default bg=default mods=-
cell 20,9 sym=" " w=1 cont=false fg=default bg=default mods=-
cell 21,9 sym=" " w=1 cont=false fg=default bg=default mods=-
cell 22,9 sym=" " w=1 cont=false fg=default bg=default mods=-
cell 23,9 sym=" " w=1 cont=false fg=default bg=default mods=-
cell 24,9 sym=" " w=1 cont=false fg=default bg=default mods=-
cell 25,9 sym=" " w=1 cont=false fg=default bg=default mods=-
cell 26,9 sym=" " w=1 cont=false fg=default bg=default mods=-
cell 27,9 sym=" " w=1 cont=false fg=default bg=default mods=-
cell 28,9 sym=" " w=1 cont=false fg=default bg=default mods=-
cell 29,9 sym=" " w=1 cont=false fg=default bg=default mods=-
cell 30,9 sym=" " w=1 cont=false fg=default bg=default mods=-
cell 31,9 sym=" " w=1 cont=false fg=default bg=default mods=-
cell 32,9 sym=" " w=1 cont=false fg=default bg=default mods=-
cell 33,9 sym=" " w=1 cont=false fg=default bg=default mods=-
cell 34,9 sym=" " w=1 cont=false fg=default bg=default mods=-
cell 35,9 sym=" " w=1 cont=false fg=default bg=default mods=-
cell 36,9 sym=" " w=1 cont=false fg=default bg=default mods=-
cell 37,9 sym=" " w=1 cont=false fg=default bg=default mods=-
cell 38,9 sym=" " w=1 cont=false fg=default bg=default mods=-
cell 39,9 sym=" " w=1 cont=false fg=default bg=default mods=-
cell 40,9 sym=" " w=1 cont=false fg=default bg=default mods=-
cell 41,9 sym=" " w=1 cont=false fg=default bg=default mods=-
cell 42,9 sym=" " w=1 cont=false fg=default bg=default mods=-
cell 43,9 sym=" " w=1 cont=false fg=default bg=default mods=-
cell 44,9 sym=" " w=1 cont=false fg=default bg=default mods=-
cell 45,9 sym=" " w=1 cont=false fg=default bg=default mods=-
cell 46,9 sym=" " w=1 cont=false fg=default bg=default mods=-
cell 47,9 sym=" " w=1 cont=false fg=default bg=default mods=-
cell 0,10 sym=" " w=1 cont=false fg=default bg=default mods=-
cell 1,10 sym=" " w=1 cont=false fg=default bg=default mods=-
cell 2,10 sym=" " w=1 cont=false fg=default bg=default mods=-
cell 3,10 sym=" " w=1 cont=false fg=default bg=default mods=-
cell 4,10 sym=" " w=1 cont=false fg=default bg=default mods=-
cell 5,10 sym=" " w=1 cont=false fg=default bg=default mods=-
cell 6,10 sym=" " w=1 cont=false fg=default bg=default mods=-
cell 7,10 sym=" " w=1 cont=false fg=default bg=default mods=-
cell 8,10 sym=" " w=1 cont=false fg=default bg=default mods=-
cell 9,10 sym=" " w=1 cont=false fg=default bg=default mods=-
cell 10,10 sym=" " w=1 cont=false fg=default bg=default mods=-
cell 11,10 sym=" " w=1 cont=false fg=default bg=default mods=-
cell 12,10 sym=" " w=1 cont=false fg=default bg=default mods=-
cell 13,10 sym=" " w=1 cont=false fg=default bg=default mods=-
cell 14,10 sym=" " w=1 cont=false fg=default bg=default mods=-
cell 15,10 sym=" " w=1 cont=false fg=default bg=default mods=-
cell 16,10 sym=" " w=1 cont=false fg=default bg=default mods=-
cell 17,10 sym=" " w=1 cont=false fg=default bg=default mods=-
cell 18,10 sym=" " w=1 cont=false fg=default bg=default mods=-
cell 19,10 sym=" " w=1 cont=false fg=default bg=default mods=-
cell 20,10 sym=" " w=1 cont=false fg=default bg=default mods=-
cell 21,10 sym=" " w=1 cont=false fg=default bg=default mods=-
cell 22,10 sym=" " w=1 cont=false fg=default bg=default mods=-
cell 23,10 sym=" " w=1 cont=false fg=default bg=default mods=-
cell 24,10 sym=" " w=1 cont=false fg=default bg=default mods=-
cell 25,10 sym=" " w=1 cont=false fg=default bg=default mods=-
cell 26,10 sym=" " w=1 cont=false fg=default bg=default mods=-
cell 27,10 sym=" " w=1 cont=false fg=default bg=default mods=-
cell 28,10 sym=" " w=1 cont=false fg=default bg=default mods=-
cell 29,10 sym=" " w=1 cont=false fg=default bg=default mods=-
cell 30,10 sym=" " w=1 cont=false fg=default bg=default mods=-
cell 31,10 sym=" " w=1 cont=false fg=default bg=default mods=-
cell 32,10 sym=" " w=1 cont=false fg=default bg=default mods=-
cell 33,10 sym=" " w=1 cont=false fg=default bg=default mods=-
cell 34,10 sym=" " w=1 cont=false fg=default bg=default mods=-
cell 35,10 sym=" " w=1 cont=false fg=default bg=default mods=-
cell 36,10 sym=" " w=1 cont=false fg=default bg=default mods=-
cell 37,10 sym=" " w=1 cont=false fg=default bg=default mods=-
cell 38,10 sym=" " w=1 cont=false fg=default bg=default mods=-
cell 39,10 sym=" " w=1 cont=false fg=default bg=default mods=-
cell 40,10 sym=" " w=1 cont=false fg=default bg=default mods=-
cell 41,10 sym=" " w=1 cont=false fg=default bg=default mods=-
cell 42,10 sym=" " w=1 cont=false fg=default bg=default mods=-
cell 43,10 sym=" " w=1 cont=false fg=default bg=default mods=-
cell 44,10 sym=" " w=1 cont=false fg=default bg=default mods=-
cell 45,10 sym=" " w=1 cont=false fg=default bg=default mods=-
cell 46,10 sym=" " w=1 cont=false fg=default bg=default mods=-
cell 47,10 sym=" " w=1 cont=false fg=default bg=default mods=-
cell 0,11 sym=" " w=1 cont=false fg=default bg=default mods=-
cell 1,11 sym=" " w=1 cont=false fg=default bg=default mods=-
cell 2,11 sym=" " w=1 cont=false fg=default bg=default mods=-
cell 3,11 sym=" " w=1 cont=false fg=default bg=default mods=-
cell 4,11 sym=" " w=1 cont=false fg=default bg=default mods=-
cell 5,11 sym=" " w=1 cont=false fg=default bg=default mods=-
cell 6,11 sym=" " w=1 cont=false fg=default bg=default mods=-
cell 7,11 sym=" " w=1 cont=false fg=default bg=default mods=-
cell 8,11 sym=" " w=1 cont=false fg=default bg=default mods=-
cell 9,11 sym=" " w=1 cont=false fg=default bg=default mods=-
cell 10,11 sym=" " w=1 cont=false fg=default bg=default mods=-
cell 11,11 sym=" " w=1 cont=false fg=default bg=default mods=-
cell 12,11 sym=" " w=1 cont=false fg=default bg=default mods=-
cell 13,11 sym=" " w=1 cont=false fg=default bg=default mods=-
cell 14,11 sym=" " w=1 cont=false fg=default bg=default mods=-
cell 15,11 sym=" " w=1 cont=false fg=default bg=default mods=-
cell 16,11 sym=" " w=1 cont=false fg=default bg=default mods=-
cell 17,11 sym=" " w=1 cont=false fg=default bg=default mods=-
cell 18,11 sym=" " w=1 cont=false fg=default bg=default mods=-
cell 19,11 sym=" " w=1 cont=false fg=default bg=default mods=-
cell 20,11 sym=" " w=1 cont=false fg=default bg=default mods=-
cell 21,11 sym=" " w=1 cont=false fg=default bg=default mods=-
cell 22,11 sym=" " w=1 cont=false fg=default bg=default mods=-
cell 23,11 sym=" " w=1 cont=false fg=default bg=default mods=-
cell 24,11 sym=" " w=1 cont=false fg=default bg=default mods=-
cell 25,11 sym=" " w=1 cont=false fg=default bg=default mods=-
cell 26,11 sym=" " w=1 cont=false fg=default bg=default mods=-
cell 27,11 sym=" " w=1 cont=false fg=default bg=default mods=-
cell 28,11 sym=" " w=1 cont=false fg=default bg=default mods=-
cell 29,11 sym=" " w=1 cont=false fg=default bg=default mods=-
cell 30,11 sym=" " w=1 cont=false fg=default bg=default mods=-
cell 31,11 sym=" " w=1 cont=false fg=default bg=default mods=-
cell 32,11 sym=" " w=1 cont=false fg=default bg=default mods=-
cell 33,11 sym=" " w=1 cont=false fg=default bg=default mods=-
cell 34,11 sym=" " w=1 cont=false fg=default bg=default mods=-
cell 35,11 sym=" " w=1 cont=false fg=default bg=default mods=-
cell 36,11 sym=" " w=1 cont=false fg=default bg=default mods=-
cell 37,11 sym=" " w=1 cont=false fg=default bg=default mods=-
cell 38,11 sym=" " w=1 cont=false fg=default bg=default mods=-
cell 39,11 sym=" " w=1 cont=false fg=default bg=default mods=-
cell 40,11 sym=" " w=1 cont=false fg=default bg=default mods=-
cell 41,11 sym=" " w=1 cont=false fg=default bg=default mods=-
cell 42,11 sym=" " w=1 cont=false fg=default bg=default mods=-
cell 43,11 sym=" " w=1 cont=false fg=default bg=default mods=-
cell 44,11 sym=" " w=1 cont=false fg=default bg=default mods=-
cell 45,11 sym=" " w=1 cont=false fg=default bg=default mods=-
cell 46,11 sym=" " w=1 cont=false fg=default bg=default mods=-
cell 47,11 sym=" " w=1 cont=false fg=default bg=default mods=-
