---
source: tests/vertical_slice.rs
expression: "cli_projection(&argv, &out)"
---
argv: tuisnap --bad-flag
termination: Exit(2)
exit_code: 2
truncated: false
--- stdout (0 bytes) ---

--- stderr (109 bytes) ---
error: unexpected argument '--bad-flag' found

Usage: tuisnap <COMMAND>

For more information, try '--help'.
