---
source: crates/tuiscotti-fixtures/tests/vertical_slice.rs
description: "tuisnap generation d231a201f284ff4c2ff850f12f096913791f8a17e3750c517614a12e61bc15dc render tuisnap-default/rv1/straight-rgba at crates/tuiscotti-fixtures/tests/vertical_slice.rs:213"
expression: screenshot png
extension: png
snapshot_kind: binary
---
